// Jest Snapshot v1, https://goo.gl/fbAQLP

exports[`Simple component test should render with initial state 1`] = `
<div
  className="App"
>
  <div
    className="nav"
  >
    <h1>
       Logo
    </h1>
    <ul
      className="nav_links"
    >
      <a
        href="/home"
        onClick={[Function]}
      >
        <li>
          Home
        </li>
      </a>
      <a
        href="/profile"
        onClick={[Function]}
      >
        <li>
          Profile
        </li>
      </a>
      <a
        href="/login"
        onClick={[Function]}
      >
        <li>
          Login
        </li>
      </a>
    </ul>
  </div>
</div>
`;
