// Jest Snapshot v1, https://goo.gl/fbAQLP

exports[`profile component should render with initial state 1`] = `
<div>
  <h2>
     Hello 
  </h2>
</div>
`;
